1 Q0 DOC2 1 -1.85158 Exp
1 Q0 DOC1 2 -3.98987 Exp
1 Q0 DOC3 3 -28.835 Exp
2 Q0 DOC3 1 -1.02331 Exp
2 Q0 DOC2 2 -5.46905 Exp
2 Q0 DOC1 3 -5.92601 Exp
